Archive member included because of file (symbol)

..\library.a(initialize.o)    obj\debug\main.o (InitializeHardware)
..\library.a(startup_stm32f429xx.o)
                              ..\library.a(initialize.o) (Reset_Handler)
..\library.a(stm32f4xx_it.o)  ..\library.a(initialize.o) (IncludeThis)
..\library.a(lcd_log.o)       ..\library.a(initialize.o) (LCD_LOG_Init)
..\library.a(stm32f429i_discovery.o)
                              ..\library.a(initialize.o) (BSP_PB_Init)
..\library.a(stm32f429i_discovery_lcd.o)
                              ..\library.a(initialize.o) (BSP_LCD_Init)
..\library.a(stm32f429i_discovery_sdram.o)
                              ..\library.a(stm32f429i_discovery_lcd.o) (BSP_SDRAM_Init)
..\library.a(system_stm32f4xx.o)
                              ..\library.a(startup_stm32f429xx.o) (SystemInit)
..\library.a(stm32f4xx_hal.o)
                              ..\library.a(initialize.o) (HAL_Init)
..\library.a(stm32f4xx_hal_cortex.o)
                              ..\library.a(stm32f4xx_hal.o) (HAL_NVIC_SetPriorityGrouping)
..\library.a(stm32f4xx_hal_dma.o)
                              ..\library.a(stm32f429i_discovery_sdram.o) (HAL_DMA_Init)
..\library.a(stm32f4xx_hal_dma2d.o)
                              ..\library.a(stm32f429i_discovery_lcd.o) (HAL_DMA2D_Init)
..\library.a(stm32f4xx_hal_gpio.o)
                              ..\library.a(stm32f429i_discovery.o) (HAL_GPIO_Init)
..\library.a(stm32f4xx_hal_i2c.o)
                              ..\library.a(stm32f429i_discovery.o) (HAL_I2C_Init)
..\library.a(stm32f4xx_hal_ltdc.o)
                              ..\library.a(stm32f429i_discovery_lcd.o) (HAL_LTDC_Init)
..\library.a(stm32f4xx_hal_pwr_ex.o)
                              ..\library.a(initialize.o) (HAL_PWREx_EnableOverDrive)
..\library.a(stm32f4xx_hal_rcc.o)
                              ..\library.a(initialize.o) (HAL_RCC_OscConfig)
..\library.a(stm32f4xx_hal_rcc_ex.o)
                              ..\library.a(stm32f429i_discovery_lcd.o) (HAL_RCCEx_PeriphCLKConfig)
..\library.a(stm32f4xx_hal_sdram.o)
                              ..\library.a(stm32f429i_discovery_sdram.o) (HAL_SDRAM_Init)
..\library.a(stm32f4xx_hal_spi.o)
                              ..\library.a(stm32f429i_discovery.o) (HAL_SPI_Init)
..\library.a(stm32f4xx_ll_fmc.o)
                              ..\library.a(stm32f4xx_hal_sdram.o) (FMC_SDRAM_Init)
..\library.a(ili9341.o)       ..\library.a(stm32f429i_discovery_lcd.o) (ili9341_drv)
c:/program files (x86)/embitz/0.40/share/em_armgcc/bin/../lib/gcc/arm-none-eabi/4.8.4/../../../../arm-none-eabi/lib/armv7e-m/fpu\libg_n.a(lib_a-printf.o)
                              obj\debug\main.o (printf)
c:/program files (x86)/embitz/0.40/share/em_armgcc/bin/../lib/gcc/arm-none-eabi/4.8.4/../../../../arm-none-eabi/lib/armv7e-m/fpu\libg_n.a(lib_a-putchar.o)
                              obj\debug\main.o (putchar)
c:/program files (x86)/embitz/0.40/share/em_armgcc/bin/../lib/gcc/arm-none-eabi/4.8.4/../../../../arm-none-eabi/lib/armv7e-m/fpu\libg_n.a(lib_a-puts.o)
                              obj\debug\main.o (puts)
c:/program files (x86)/embitz/0.40/share/em_armgcc/bin/../lib/gcc/arm-none-eabi/4.8.4/../../../../arm-none-eabi/lib/armv7e-m/fpu\libg_n.a(lib_a-strchr.o)
                              ..\library.a(initialize.o) (strchr)
c:/program files (x86)/embitz/0.40/share/em_armgcc/bin/../lib/gcc/arm-none-eabi/4.8.4/../../../../arm-none-eabi/lib/armv7e-m/fpu\libg_n.a(lib_a-strcpy.o)
                              ..\library.a(initialize.o) (strcpy)
c:/program files (x86)/embitz/0.40/share/em_armgcc/bin/../lib/gcc/arm-none-eabi/4.8.4/../../../../arm-none-eabi/lib/armv7e-m/fpu\libg_n.a(lib_a-vfprintf.o)
                              c:/program files (x86)/embitz/0.40/share/em_armgcc/bin/../lib/gcc/arm-none-eabi/4.8.4/../../../../arm-none-eabi/lib/armv7e-m/fpu\libg_n.a(lib_a-printf.o) (_vfprintf_r)
c:/program files (x86)/embitz/0.40/share/em_armgcc/bin/../lib/gcc/arm-none-eabi/4.8.4/../../../../arm-none-eabi/lib/armv7e-m/fpu\libg_n.a(lib_a-vfprintf_i.o)
                              c:/program files (x86)/embitz/0.40/share/em_armgcc/bin/../lib/gcc/arm-none-eabi/4.8.4/../../../../arm-none-eabi/lib/armv7e-m/fpu\libg_n.a(lib_a-vfprintf.o) (_printf_i)
c:/program files (x86)/embitz/0.40/share/em_armgcc/bin/../lib/gcc/arm-none-eabi/4.8.4/../../../../arm-none-eabi/lib/armv7e-m/fpu\libg_n.a(lib_a-wbuf.o)
                              c:/program files (x86)/embitz/0.40/share/em_armgcc/bin/../lib/gcc/arm-none-eabi/4.8.4/../../../../arm-none-eabi/lib/armv7e-m/fpu\libg_n.a(lib_a-puts.o) (__swbuf_r)
c:/program files (x86)/embitz/0.40/share/em_armgcc/bin/../lib/gcc/arm-none-eabi/4.8.4/../../../../arm-none-eabi/lib/armv7e-m/fpu\libg_n.a(lib_a-wsetup.o)
[...]
Memory Configuration

Name             Origin             Length             Attributes
ROM              0x08000000         0x00200000         xr
RAM              0x20000000         0x00030000         xrw
CCRAM            0x10000000         0x00010000         xrw
*default*        0x00000000         0xffffffff

Linker script and memory map

                0x00000200                __HEAP_SIZE = 0x200
                0x00000400                __STACK_SIZE = 0x400

.text           0x08000000     0x72e8
 *(.isr_vector)
 .isr_vector    0x08000000      0x1ac ..\library.a(startup_stm32f429xx.o)
                0x08000000                __isr_vector
 *(.text*)
 .text.startup.main
                0x080001ac       0xdc obj\debug\main.o
                0x080001ac                main
 .text.AddBinary
                0x08000288       0x36 obj\debug\binary_addition.o
                0x08000288                AddBinary
 *fill*         0x080002be        0x2 
 .text.InitializeHardware
                0x080002c0      0x108 ..\library.a(initialize.o)
                0x080002c0                InitializeHardware
 .text.WaitForPushButton
                0x080003c8       0x18 ..\library.a(initialize.o)
                0x080003c8                WaitForPushButton
 .text.PrintBits
                0x080003e0       0x2c ..\library.a(initialize.o)
                0x080003e0                PrintBits
 .text.PrintByte
                0x0800040c       0x20 ..\library.a(initialize.o)
                0x0800040c                PrintByte
 .text.ClearDisplay
                0x0800042c        0x4 ..\library.a(initialize.o)
                0x0800042c                ClearDisplay
 .text.GetClockCycleCount
                0x08000430        0xc ..\library.a(initialize.o)
                0x08000430                GetClockCycleCount
 .text          0x0800043c      0x118 ..\library.a(startup_stm32f429xx.o)
                0x0800043c                Reset_Handler
                0x0800046c                _start
                0x0800048c                HardFault_Handler
                0x0800048e                MemManage_Handler
                0x08000490                BusFault_Handler
                0x08000492                UsageFault_Handler
                0x08000494                Default_Handler
                0x08000496                WWDG_IRQHandler
                0x08000498                PVD_IRQHandler
                0x0800049a                TAMP_STAMP_IRQHandler
                0x0800049c                RTC_WKUP_IRQHandler
                0x0800049e                FLASH_IRQHandler
                0x080004a0                RCC_IRQHandler
                0x080004a2                EXTI0_IRQHandler
                0x080004a4                EXTI1_IRQHandler
                0x080004a6                EXTI2_IRQHandler
                0x080004a8                EXTI3_IRQHandler
                0x080004aa                EXTI4_IRQHandler
                0x080004ac                DMA1_Stream0_IRQHandler
                0x080004ae                DMA1_Stream1_IRQHandler
                0x080004b0                DMA1_Stream2_IRQHandler
                0x080004b2                DMA1_Stream3_IRQHandler
                0x080004b4                DMA1_Stream4_IRQHandler
                0x080004b6                DMA1_Stream5_IRQHandler
                0x080004b8                DMA1_Stream6_IRQHandler
                0x080004ba                ADC_IRQHandler
                0x080004bc                CAN1_TX_IRQHandler
                0x080004be                CAN1_RX0_IRQHandler
                0x080004c0                CAN1_RX1_IRQHandler
                0x080004c2                CAN1_SCE_IRQHandler
                0x080004c4                EXTI9_5_IRQHandler
                0x080004c6                TIM1_BRK_TIM9_IRQHandler
                0x080004c8                TIM1_UP_TIM10_IRQHandler
                0x080004ca                TIM1_TRG_COM_TIM11_IRQHandler
                0x080004cc                TIM1_CC_IRQHandler
                0x080004ce                TIM2_IRQHandler
                0x080004d0                TIM3_IRQHandler
                0x080004d2                TIM4_IRQHandler
                0x080004d4                I2C1_EV_IRQHandler
                0x080004d6                I2C1_ER_IRQHandler
                0x080004d8                I2C2_EV_IRQHandler
                0x080004da                I2C2_ER_IRQHandler
                0x080004dc                SPI1_IRQHandler
                0x080004de                SPI2_IRQHandler
                0x080004e0                USART1_IRQHandler
                0x080004e2                USART2_IRQHandler
                0x080004e4                USART3_IRQHandler
                0x080004e6                EXTI15_10_IRQHandler
                0x080004e8                RTC_Alarm_IRQHandler
                0x080004ea                OTG_FS_WKUP_IRQHandler
                0x080004ec                TIM8_BRK_TIM12_IRQHandler
                0x080004ee                TIM8_UP_TIM13_IRQHandler
                0x080004f0                TIM8_TRG_COM_TIM14_IRQHandler
                0x080004f2                TIM8_CC_IRQHandler
                0x080004f4                DMA1_Stream7_IRQHandler
                0x080004f6                FSMC_IRQHandler
                0x080004f8                SDIO_IRQHandler
                0x080004fa                TIM5_IRQHandler
                0x080004fc                SPI3_IRQHandler
                0x080004fe                UART4_IRQHandler
                0x08000500                UART5_IRQHandler
                0x08000502                TIM6_DAC_IRQHandler
                0x08000504                TIM7_IRQHandler
                0x08000506                DMA2_Stream0_IRQHandler
                0x08000508                DMA2_Stream1_IRQHandler
                0x0800050a                DMA2_Stream2_IRQHandler
                0x0800050c                DMA2_Stream3_IRQHandler
                0x0800050e                DMA2_Stream4_IRQHandler
                0x08000510                ETH_IRQHandler
                0x08000512                ETH_WKUP_IRQHandler
                0x08000514                CAN2_TX_IRQHandler
                0x08000516                CAN2_RX0_IRQHandler
                0x08000518                CAN2_RX1_IRQHandler
                0x0800051a                CAN2_SCE_IRQHandler
                0x0800051c                OTG_FS_IRQHandler
                0x0800051e                DMA2_Stream5_IRQHandler
                0x08000520                DMA2_Stream6_IRQHandler
                0x08000522                DMA2_Stream7_IRQHandler
                0x08000524                USART6_IRQHandler
                0x08000526                I2C3_EV_IRQHandler
                0x08000528                I2C3_ER_IRQHandler
                0x0800052a                OTG_HS_EP1_OUT_IRQHandler
                0x0800052c                OTG_HS_EP1_IN_IRQHandler
                0x0800052e                OTG_HS_WKUP_IRQHandler
                0x08000530                OTG_HS_IRQHandler
                0x08000532                DCMI_IRQHandler
                0x08000534                CRYP_IRQHandler
                0x08000536                HASH_RNG_IRQHandler
                0x08000538                FPU_IRQHandler
                0x0800053a                UART7_IRQHandler
                0x0800053c                UART8_IRQHandler
                0x0800053e                SPI4_IRQHandler
                0x08000540                SPI5_IRQHandler
                0x08000542                SPI6_IRQHandler
                0x08000544                SAI1_IRQHandler
                0x08000546                LTDC_IRQHandler
                0x08000548                LTDC_ER_IRQHandler
                0x0800054a                DMA2D_IRQHandler
 .text.NMI_Handler
                0x08000554        0x2 ..\library.a(stm32f4xx_it.o)
                0x08000554                NMI_Handler
 .text.SVC_Handler
                0x08000556        0x2 ..\library.a(stm32f4xx_it.o)
                0x08000556                SVC_Handler
 .text.DebugMon_Handler
                0x08000558        0x2 ..\library.a(stm32f4xx_it.o)
                0x08000558                DebugMon_Handler
 .text.PendSV_Handler
                0x0800055a        0x2 ..\library.a(stm32f4xx_it.o)
                0x0800055a                PendSV_Handler
 .text.SysTick_Handler
                0x0800055c        0x4 ..\library.a(stm32f4xx_it.o)
                0x0800055c                SysTick_Handler
 .text.LCD_LOG_DeInit
                0x08000560       0x64 ..\library.a(lcd_log.o)
                0x08000560                LCD_LOG_DeInit
 .text.LCD_LOG_Init
                0x080005c4       0x12 ..\library.a(lcd_log.o)
                0x080005c4                LCD_LOG_Init
 *fill*         0x080005d6        0x2 
 .text.LCD_LOG_SetHeader
                0x080005d8       0x6c ..\library.a(lcd_log.o)
                0x080005d8                LCD_LOG_SetHeader
 .text.LCD_LOG_SetFooter
                0x08000644       0x80 ..\library.a(lcd_log.o)
                0x08000644                LCD_LOG_SetFooter
 .text.LCD_LOG_ClearTextZone
                0x080006c4       0x18 ..\library.a(lcd_log.o)
                0x080006c4                LCD_LOG_ClearTextZone
 .text.LCD_LOG_UpdateDisplay
                0x080006dc       0x7c ..\library.a(lcd_log.o)
                0x080006dc                LCD_LOG_UpdateDisplay
 .text.Put1Char
                0x08000758      0x140 ..\library.a(lcd_log.o)
                0x08000758                Put1Char
 .text._write   0x08000898       0x1a ..\library.a(lcd_log.o)
                0x08000898                _write
 *fill*         0x080008b2        0x2 
 .text.SPIx_Init
                0x080008b4       0x94 ..\library.a(stm32f429i_discovery.o)
 .text.SPIx_Write
                0x08000948       0x30 ..\library.a(stm32f429i_discovery.o)
 .text.BSP_PB_Init
                0x08000978       0x70 ..\library.a(stm32f429i_discovery.o)
                0x08000978                BSP_PB_Init
 .text.BSP_PB_GetState
                0x080009e8       0x14 ..\library.a(stm32f429i_discovery.o)
                0x080009e8                BSP_PB_GetState
 .text.LCD_IO_Init
                0x080009fc       0xb0 ..\library.a(stm32f429i_discovery.o)
                0x080009fc                LCD_IO_Init
 .text.LCD_IO_WriteData
                0x08000aac       0x38 ..\library.a(stm32f429i_discovery.o)
                0x08000aac                LCD_IO_WriteData
 .text.LCD_IO_WriteReg
                0x08000ae4       0x38 ..\library.a(stm32f429i_discovery.o)
                0x08000ae4                LCD_IO_WriteReg
 .text.LCD_IO_ReadData
                0x08000b1c       0x6c ..\library.a(stm32f429i_discovery.o)
                0x08000b1c                LCD_IO_ReadData
 .text.LCD_Delay
                0x08000b88        0x4 ..\library.a(stm32f429i_discovery.o)
                0x08000b88                LCD_Delay
 .text.FillBuffer
                0x08000b8c       0x64 ..\library.a(stm32f429i_discovery_lcd.o)
 .text.BSP_LCD_Init
                0x08000bf0      0x1dc ..\library.a(stm32f429i_discovery_lcd.o)
                0x08000bf0                BSP_LCD_Init
 .text.BSP_LCD_GetXSize
                0x08000dcc       0x10 ..\library.a(stm32f429i_discovery_lcd.o)
                0x08000dcc                BSP_LCD_GetXSize
 .text.BSP_LCD_GetYSize
                0x08000ddc       0x10 ..\library.a(stm32f429i_discovery_lcd.o)
                0x08000ddc                BSP_LCD_GetYSize
 .text.BSP_LCD_LayerDefaultInit
                0x08000dec       0x80 ..\library.a(stm32f429i_discovery_lcd.o)
                0x08000dec                BSP_LCD_LayerDefaultInit
 .text.BSP_LCD_SelectLayer
                0x08000e6c        0xc ..\library.a(stm32f429i_discovery_lcd.o)
                0x08000e6c                BSP_LCD_SelectLayer
 .text.BSP_LCD_SetTextColor
                0x08000e78       0x18 ..\library.a(stm32f429i_discovery_lcd.o)
                0x08000e78                BSP_LCD_SetTextColor
 .text.BSP_LCD_SetBackColor
                0x08000e90       0x18 ..\library.a(stm32f429i_discovery_lcd.o)
                0x08000e90                BSP_LCD_SetBackColor
 .text.BSP_LCD_SetFont
                0x08000ea8       0x18 ..\library.a(stm32f429i_discovery_lcd.o)
                0x08000ea8                BSP_LCD_SetFont
 .text.BSP_LCD_GetFont
                0x08000ec0       0x18 ..\library.a(stm32f429i_discovery_lcd.o)
                0x08000ec0                BSP_LCD_GetFont
 .text.BSP_LCD_Clear
                0x08000ed8       0x3c ..\library.a(stm32f429i_discovery_lcd.o)
                0x08000ed8                BSP_LCD_Clear
 .text.BSP_LCD_FillRect
                0x08000f14       0x5c ..\library.a(stm32f429i_discovery_lcd.o)
                0x08000f14                BSP_LCD_FillRect
 .text.BSP_LCD_ClearStringLine
                0x08000f70       0x50 ..\library.a(stm32f429i_discovery_lcd.o)
                0x08000f70                BSP_LCD_ClearStringLine
 .text.BSP_LCD_DisplayOn
                0x08000fc0       0x14 ..\library.a(stm32f429i_discovery_lcd.o)
                0x08000fc0                BSP_LCD_DisplayOn
 .text.BSP_LCD_DrawPixel
                0x08000fd4       0x2c ..\library.a(stm32f429i_discovery_lcd.o)
                0x08000fd4                BSP_LCD_DrawPixel
 .text.BSP_LCD_DisplayChar
                0x08001000       0xd8 ..\library.a(stm32f429i_discovery_lcd.o)
                0x08001000                BSP_LCD_DisplayChar
 .text.BSP_LCD_DisplayStringAt
                0x080010d8       0xb4 ..\library.a(stm32f429i_discovery_lcd.o)
                0x080010d8                BSP_LCD_DisplayStringAt
 .text.BSP_LCD_DisplayStringAtLine
                0x0800118c       0x2c ..\library.a(stm32f429i_discovery_lcd.o)
                0x0800118c                BSP_LCD_DisplayStringAtLine
 .text.BSP_SDRAM_Initialization_sequence
                0x080011b8       0x9c ..\library.a(stm32f429i_discovery_sdram.o)
                0x080011b8                BSP_SDRAM_Initialization_sequence
 .text.BSP_SDRAM_Init
                0x08001254      0x1d8 ..\library.a(stm32f429i_discovery_sdram.o)
                0x08001254                BSP_SDRAM_Init
 .text.SystemInit
                0x0800142c       0x4c ..\library.a(system_stm32f4xx.o)
                0x0800142c                SystemInit
 .text.HAL_MspInit
                0x08001478        0x2 ..\library.a(stm32f4xx_hal.o)
                0x08001478                HAL_MspInit
 .text.HAL_InitTick
                0x0800147a       0x24 ..\library.a(stm32f4xx_hal.o)
                0x0800147a                HAL_InitTick
 *fill*         0x0800149e        0x2 
 .text.HAL_Init
                0x080014a0       0x34 ..\library.a(stm32f4xx_hal.o)
                0x080014a0                HAL_Init
 .text.HAL_IncTick
                0x080014d4       0x10 ..\library.a(stm32f4xx_hal.o)
                0x080014d4                HAL_IncTick
 .text.HAL_GetTick
                0x080014e4        0xc ..\library.a(stm32f4xx_hal.o)
                0x080014e4                HAL_GetTick
 .text.HAL_Delay
                0x080014f0       0x1a ..\library.a(stm32f4xx_hal.o)
                0x080014f0                HAL_Delay
 *fill*         0x0800150a        0x2 
 .text.HAL_NVIC_SetPriorityGrouping
                0x0800150c       0x24 ..\library.a(stm32f4xx_hal_cortex.o)
                0x0800150c                HAL_NVIC_SetPriorityGrouping
 .text.HAL_NVIC_SetPriority
                0x08001530       0x64 ..\library.a(stm32f4xx_hal_cortex.o)
                0x08001530                HAL_NVIC_SetPriority
 .text.HAL_NVIC_EnableIRQ
                0x08001594       0x18 ..\library.a(stm32f4xx_hal_cortex.o)
                0x08001594                HAL_NVIC_EnableIRQ
 .text.HAL_SYSTICK_Config
                0x080015ac       0x2c ..\library.a(stm32f4xx_hal_cortex.o)
                0x080015ac                HAL_SYSTICK_Config
 .text.HAL_DMA_Init
                0x080015d8       0x74 ..\library.a(stm32f4xx_hal_dma.o)
                0x080015d8                HAL_DMA_Init
 .text.HAL_DMA_DeInit
                0x0800164c      0x414 ..\library.a(stm32f4xx_hal_dma.o)
                0x0800164c                HAL_DMA_DeInit
 .text.DMA2D_SetConfig
                0x08001a60       0x8a ..\library.a(stm32f4xx_hal_dma2d.o)
 .text.HAL_DMA2D_MspInit
                0x08001aea        0x2 ..\library.a(stm32f4xx_hal_dma2d.o)
                0x08001aea                HAL_DMA2D_MspInit
 .text.HAL_DMA2D_Init
                0x08001aec       0x5c ..\library.a(stm32f4xx_hal_dma2d.o)
                0x08001aec                HAL_DMA2D_Init
 .text.HAL_DMA2D_Start
                0x08001b48       0x40 ..\library.a(stm32f4xx_hal_dma2d.o)
                0x08001b48                HAL_DMA2D_Start
 .text.HAL_DMA2D_PollForTransfer
                0x08001b88       0xc8 ..\library.a(stm32f4xx_hal_dma2d.o)
                0x08001b88                HAL_DMA2D_PollForTransfer
 .text.HAL_DMA2D_ConfigLayer
                0x08001c50       0xdc ..\library.a(stm32f4xx_hal_dma2d.o)
                0x08001c50                HAL_DMA2D_ConfigLayer
 .text.HAL_GPIO_Init
                0x08001d2c      0x19c ..\library.a(stm32f4xx_hal_gpio.o)
                0x08001d2c                HAL_GPIO_Init
 .text.HAL_GPIO_ReadPin
                0x08001ec8        0xc ..\library.a(stm32f4xx_hal_gpio.o)
                0x08001ec8                HAL_GPIO_ReadPin
 .text.HAL_GPIO_WritePin
                0x08001ed4        0x8 ..\library.a(stm32f4xx_hal_gpio.o)
                0x08001ed4                HAL_GPIO_WritePin
 .text.LTDC_SetConfig
                0x08001edc      0x170 ..\library.a(stm32f4xx_hal_ltdc.o)
 .text.HAL_LTDC_MspInit
                0x0800204c        0x2 ..\library.a(stm32f4xx_hal_ltdc.o)
                0x0800204c                HAL_LTDC_MspInit
 *fill*         0x0800204e        0x2 
 .text.HAL_LTDC_Init
                0x08002050      0x104 ..\library.a(stm32f4xx_hal_ltdc.o)
                0x08002050                HAL_LTDC_Init
 .text.HAL_LTDC_ConfigLayer
                0x08002154       0x56 ..\library.a(stm32f4xx_hal_ltdc.o)
                0x08002154                HAL_LTDC_ConfigLayer
 *fill*         0x080021aa        0x2 
 .text.HAL_LTDC_EnableDither
                0x080021ac       0x34 ..\library.a(stm32f4xx_hal_ltdc.o)
                0x080021ac                HAL_LTDC_EnableDither
 .text.HAL_PWREx_EnableOverDrive
                0x080021e0       0x98 ..\library.a(stm32f4xx_hal_pwr_ex.o)
                0x080021e0                HAL_PWREx_EnableOverDrive
 .text.HAL_RCC_OscConfig
                0x08002278      0x304 ..\library.a(stm32f4xx_hal_rcc.o)
                0x08002278                HAL_RCC_OscConfig
 .text.HAL_RCC_ClockConfig
                0x0800257c      0x208 ..\library.a(stm32f4xx_hal_rcc.o)
                0x0800257c                HAL_RCC_ClockConfig
 .text.HAL_RCC_GetSysClockFreq
                0x08002784       0x8c ..\library.a(stm32f4xx_hal_rcc.o)
                0x08002784                HAL_RCC_GetSysClockFreq
 .text.HAL_RCC_GetHCLKFreq
                0x08002810       0x38 ..\library.a(stm32f4xx_hal_rcc.o)
                0x08002810                HAL_RCC_GetHCLKFreq
 .text.HAL_RCCEx_PeriphCLKConfig
                0x08002848      0x2d8 ..\library.a(stm32f4xx_hal_rcc_ex.o)
                0x08002848                HAL_RCCEx_PeriphCLKConfig
 .text.HAL_SDRAM_MspInit
                0x08002b20        0x2 ..\library.a(stm32f4xx_hal_sdram.o)
                0x08002b20                HAL_SDRAM_MspInit
 .text.HAL_SDRAM_Init
                0x08002b22       0x40 ..\library.a(stm32f4xx_hal_sdram.o)
                0x08002b22                HAL_SDRAM_Init
 .text.HAL_SDRAM_SendCommand
                0x08002b62       0x2e ..\library.a(stm32f4xx_hal_sdram.o)
                0x08002b62                HAL_SDRAM_SendCommand
 .text.HAL_SDRAM_ProgramRefreshRate
                0x08002b90       0x24 ..\library.a(stm32f4xx_hal_sdram.o)
                0x08002b90                HAL_SDRAM_ProgramRefreshRate
 .text.SPI_WaitOnFlagUntilTimeout
                0x08002bb4       0x98 ..\library.a(stm32f4xx_hal_spi.o)
 .text.HAL_SPI_MspInit
                0x08002c4c        0x2 ..\library.a(stm32f4xx_hal_spi.o)
                0x08002c4c                HAL_SPI_MspInit
 .text.HAL_SPI_Init
                0x08002c4e       0x86 ..\library.a(stm32f4xx_hal_spi.o)
                0x08002c4e                HAL_SPI_Init
 .text.HAL_SPI_MspDeInit
                0x08002cd4        0x2 ..\library.a(stm32f4xx_hal_spi.o)
                0x08002cd4                HAL_SPI_MspDeInit
 .text.HAL_SPI_DeInit
                0x08002cd6       0x26 ..\library.a(stm32f4xx_hal_spi.o)
                0x08002cd6                HAL_SPI_DeInit
 .text.HAL_SPI_Transmit
                0x08002cfc      0x14c ..\library.a(stm32f4xx_hal_spi.o)
                0x08002cfc                HAL_SPI_Transmit
 .text.HAL_SPI_TransmitReceive
                0x08002e48      0x2c6 ..\library.a(stm32f4xx_hal_spi.o)
                0x08002e48                HAL_SPI_TransmitReceive
 .text.HAL_SPI_Receive
                0x0800310e      0x1dc ..\library.a(stm32f4xx_hal_spi.o)
                0x0800310e                HAL_SPI_Receive
 .text.HAL_SPI_GetState
                0x080032ea        0x6 ..\library.a(stm32f4xx_hal_spi.o)
                0x080032ea                HAL_SPI_GetState
 .text.FMC_SDRAM_Init
                0x080032f0       0x84 ..\library.a(stm32f4xx_ll_fmc.o)
                0x080032f0                FMC_SDRAM_Init
 .text.FMC_SDRAM_Timing_Init
                0x08003374       0x8a ..\library.a(stm32f4xx_ll_fmc.o)
                0x08003374                FMC_SDRAM_Timing_Init
 .text.FMC_SDRAM_SendCommand
                0x080033fe       0x4c ..\library.a(stm32f4xx_ll_fmc.o)
                0x080033fe                FMC_SDRAM_SendCommand
 .text.FMC_SDRAM_ProgramRefreshRate
                0x0800344a        0xc ..\library.a(stm32f4xx_ll_fmc.o)
                0x0800344a                FMC_SDRAM_ProgramRefreshRate
 .text.ili9341_GetLcdPixelWidth
                0x08003456        0x4 ..\library.a(ili9341.o)
                0x08003456                ili9341_GetLcdPixelWidth
 .text.ili9341_GetLcdPixelHeight
                0x0800345a        0x6 ..\library.a(ili9341.o)
                0x0800345a                ili9341_GetLcdPixelHeight
 .text.ili9341_DisplayOn
                0x08003460        0x6 ..\library.a(ili9341.o)
                0x08003460                ili9341_DisplayOn
 .text.ili9341_DisplayOff
                0x08003466        0x6 ..\library.a(ili9341.o)
                0x08003466                ili9341_DisplayOff
 .text.ili9341_Init
                0x0800346c      0x292 ..\library.a(ili9341.o)
                0x0800346c                ili9341_Init
 .text.ili9341_ReadID
                0x080036fe       0x12 ..\library.a(ili9341.o)
                0x080036fe                ili9341_ReadID
 .text.printf   0x08003710       0x30 c:/program files (x86)/embitz/0.40/share/em_armgcc/bin/../lib/gcc/arm-none-eabi/4.8.4/../../../../arm-none-eabi/lib/armv7e-m/fpu\libg_n.a(lib_a-printf.o)
                0x08003710                iprintf
                0x08003710                printf
 .text.putchar  0x08003740       0x28 c:/program files (x86)/embitz/0.40/share/em_armgcc/bin/../lib/gcc/arm-none-eabi/4.8.4/../../../../arm-none-eabi/lib/armv7e-m/fpu\libg_n.a(lib_a-putchar.o)
                0x08003740                putchar
 .text._puts_r  0x08003768       0xc0 c:/program files (x86)/embitz/0.40/share/em_armgcc/bin/../lib/gcc/arm-none-eabi/4.8.4/../../../../arm-none-eabi/lib/armv7e-m/fpu\libg_n.a(lib_a-puts.o)
                0x08003768                _puts_r
 .text.puts     0x08003828       0x10 c:/program files (x86)/embitz/0.40/share/em_armgcc/bin/../lib/gcc/arm-none-eabi/4.8.4/../../../../arm-none-eabi/lib/armv7e-m/fpu\libg_n.a(lib_a-puts.o)
                0x08003828                puts
 .text.strchr   0x08003838       0x1a c:/program files (x86)/embitz/0.40/share/em_armgcc/bin/../lib/gcc/arm-none-eabi/4.8.4/../../../../arm-none-eabi/lib/armv7e-m/fpu\libg_n.a(lib_a-strchr.o)
                0x08003838                strchr
 .text.strcpy   0x08003852       0x10 c:/program files (x86)/embitz/0.40/share/em_armgcc/bin/../lib/gcc/arm-none-eabi/4.8.4/../../../../arm-none-eabi/lib/armv7e-m/fpu\libg_n.a(lib_a-strcpy.o)
                0x08003852                strcpy
 .text.__sfputc_r
                0x08003862       0x2c c:/program files (x86)/embitz/0.40/share/em_armgcc/bin/../lib/gcc/arm-none-eabi/4.8.4/../../../../arm-none-eabi/lib/armv7e-m/fpu\libg_n.a(lib_a-vfprintf.o)
 .text.__sfputs_r
                0x0800388e       0x24 c:/program files (x86)/embitz/0.40/share/em_armgcc/bin/../lib/gcc/arm-none-eabi/4.8.4/../../../../arm-none-eabi/lib/armv7e-m/fpu\libg_n.a(lib_a-vfprintf.o)
                0x0800388e                __sfputs_r
 *fill*         0x080038b2        0x2 
 .text._vfprintf_r
                0x080038b4      0x208 c:/program files (x86)/embitz/0.40/share/em_armgcc/bin/../lib/gcc/arm-none-eabi/4.8.4/../../../../arm-none-eabi/lib/armv7e-m/fpu\libg_n.a(lib_a-vfprintf.o)
                0x080038b4                _vfprintf_r
                0x080038b4                _vfiprintf_r
 .text._printf_common
                0x08003abc       0xe4 c:/program files (x86)/embitz/0.40/share/em_armgcc/bin/../lib/gcc/arm-none-eabi/4.8.4/../../../../arm-none-eabi/lib/armv7e-m/fpu\libg_n.a(lib_a-vfprintf_i.o)
                0x08003abc                _printf_common
 .text._printf_i
                0x08003ba0      0x228 c:/program files (x86)/embitz/0.40/share/em_armgcc/bin/../lib/gcc/arm-none-eabi/4.8.4/../../../../arm-none-eabi/lib/armv7e-m/fpu\libg_n.a(lib_a-vfprintf_i.o)
                0x08003ba0                _printf_i
 .text.__swbuf_r
                0x08003dc8       0xa8 c:/program files (x86)/embitz/0.40/share/em_armgcc/bin/../lib/gcc/arm-none-eabi/4.8.4/../../../../arm-none-eabi/lib/armv7e-m/fpu\libg_n.a(lib_a-wbuf.o)
                0x08003dc8                __swbuf_r
 .text.__swsetup_r
                0x08003e70       0xdc c:/program files (x86)/embitz/0.40/share/em_armgcc/bin/../lib/gcc/arm-none-eabi/4.8.4/../../../../arm-none-eabi/lib/armv7e-m/fpu\libg_n.a(lib_a-wsetup.o)
                0x08003e70                __swsetup_r
 .text.__sflush_r
                0x08003f4c      0x106 c:/program files (x86)/embitz/0.40/share/em_armgcc/bin/../lib/gcc/arm-none-eabi/4.8.4/../../../../arm-none-eabi/lib/armv7e-m/fpu\libg_n.a(lib_a-fflush.o)
                0x08003f4c                __sflush_r
 *fill*         0x08004052        0x2 
 .text._fflush_r
                0x08004054       0x54 c:/program files (x86)/embitz/0.40/share/em_armgcc/bin/../lib/gcc/arm-none-eabi/4.8.4/../../../../arm-none-eabi/lib/armv7e-m/fpu\libg_n.a(lib_a-fflush.o)
                0x08004054                _fflush_r
 .text._cleanup_r
                0x080040a8       0x32 c:/program files (x86)/embitz/0.40/share/em_armgcc/bin/../lib/gcc/arm-none-eabi/4.8.4/../../../../arm-none-eabi/lib/armv7e-m/fpu\libg_n.a(lib_a-findfp.o)
                0x080040a8                _cleanup_r
 *fill*         0x080040da        0x2 
 .text.std.isra.0
                0x080040dc       0x48 c:/program files (x86)/embitz/0.40/share/em_armgcc/bin/../lib/gcc/arm-none-eabi/4.8.4/../../../../arm-none-eabi/lib/armv7e-m/fpu\libg_n.a(lib_a-findfp.o)
 .text.__sfmoreglue
                0x08004124       0x2c c:/program files (x86)/embitz/0.40/share/em_armgcc/bin/../lib/gcc/arm-none-eabi/4.8.4/../../../../arm-none-eabi/lib/armv7e-m/fpu\libg_n.a(lib_a-findfp.o)
                0x08004124                __sfmoreglue
 .text.__sinit  0x08004150       0x60 c:/program files (x86)/embitz/0.40/share/em_armgcc/bin/../lib/gcc/arm-none-eabi/4.8.4/../../../../arm-none-eabi/lib/armv7e-m/fpu\libg_n.a(lib_a-findfp.o)
                0x08004150                __sinit
 .text.__sfp    0x080041b0       0x74 c:/program files (x86)/embitz/0.40/share/em_armgcc/bin/../lib/gcc/arm-none-eabi/4.8.4/../../../../arm-none-eabi/lib/armv7e-m/fpu\libg_n.a(lib_a-findfp.o)
                0x080041b0                __sfp
 .text.__smakebuf_r
                0x08004224       0x9c c:/program files (x86)/embitz/0.40/share/em_armgcc/bin/../lib/gcc/arm-none-eabi/4.8.4/../../../../arm-none-eabi/lib/armv7e-m/fpu\libg_n.a(lib_a-makebuf.o)
                0x08004224                __smakebuf_r
 .text.memchr   0x080042c0       0x1e c:/program files (x86)/embitz/0.40/share/em_armgcc/bin/../lib/gcc/arm-none-eabi/4.8.4/../../../../arm-none-eabi/lib/armv7e-m/fpu\libg_n.a(lib_a-memchr-stub.o)
                0x080042c0                memchr
 .text.memset   0x080042de       0x10 c:/program files (x86)/embitz/0.40/share/em_armgcc/bin/../lib/gcc/arm-none-eabi/4.8.4/../../../../arm-none-eabi/lib/armv7e-m/fpu\libg_n.a(lib_a-memset.o)
                0x080042de                memset
 *fill*         0x080042ee        0x2 
 .text._free_r  0x080042f0       0x88 c:/program files (x86)/embitz/0.40/share/em_armgcc/bin/../lib/gcc/arm-none-eabi/4.8.4/../../../../arm-none-eabi/lib/armv7e-m/fpu\libg_n.a(lib_a-nano-freer.o)
                0x080042f0                _free_r
 .text._malloc_r
                0x08004378       0xa8 c:/program files (x86)/embitz/0.40/share/em_armgcc/bin/../lib/gcc/arm-none-eabi/4.8.4/../../../../arm-none-eabi/lib/armv7e-m/fpu\libg_n.a(lib_a-nano-mallocr.o)
                0x08004378                _malloc_r
 .text._putc_r  0x08004420       0x78 c:/program files (x86)/embitz/0.40/share/em_armgcc/bin/../lib/gcc/arm-none-eabi/4.8.4/../../../../arm-none-eabi/lib/armv7e-m/fpu\libg_n.a(lib_a-putc.o)
                0x08004420                _putc_r
 .text._sbrk_r  0x08004498       0x20 c:/program files (x86)/embitz/0.40/share/em_armgcc/bin/../lib/gcc/arm-none-eabi/4.8.4/../../../../arm-none-eabi/lib/armv7e-m/fpu\libg_n.a(lib_a-sbrkr.o)
                0x08004498                _sbrk_r
 .text.__sread  0x080044b8       0x22 c:/program files (x86)/embitz/0.40/share/em_armgcc/bin/../lib/gcc/arm-none-eabi/4.8.4/../../../../arm-none-eabi/lib/armv7e-m/fpu\libg_n.a(lib_a-stdio.o)
                0x080044b8                __sread
 .text.__swrite
                0x080044da       0x38 c:/program files (x86)/embitz/0.40/share/em_armgcc/bin/../lib/gcc/arm-none-eabi/4.8.4/../../../../arm-none-eabi/lib/armv7e-m/fpu\libg_n.a(lib_a-stdio.o)
                0x080044da                __swrite
 .text.__sseek  0x08004512       0x24 c:/program files (x86)/embitz/0.40/share/em_armgcc/bin/../lib/gcc/arm-none-eabi/4.8.4/../../../../arm-none-eabi/lib/armv7e-m/fpu\libg_n.a(lib_a-stdio.o)
                0x08004512                __sseek
 .text.__sclose
                0x08004536        0x8 c:/program files (x86)/embitz/0.40/share/em_armgcc/bin/../lib/gcc/arm-none-eabi/4.8.4/../../../../arm-none-eabi/lib/armv7e-m/fpu\libg_n.a(lib_a-stdio.o)
                0x08004536                __sclose
 .text.strlen   0x0800453e       0x10 c:/program files (x86)/embitz/0.40/share/em_armgcc/bin/../lib/gcc/arm-none-eabi/4.8.4/../../../../arm-none-eabi/lib/armv7e-m/fpu\libg_n.a(lib_a-strlen.o)
                0x0800453e                strlen
 *fill*         0x0800454e        0x2 
 .text._write_r
                0x08004550       0x24 c:/program files (x86)/embitz/0.40/share/em_armgcc/bin/../lib/gcc/arm-none-eabi/4.8.4/../../../../arm-none-eabi/lib/armv7e-m/fpu\libg_n.a(lib_a-writer.o)
                0x08004550                _write_r
 .text._close_r
                0x08004574       0x20 c:/program files (x86)/embitz/0.40/share/em_armgcc/bin/../lib/gcc/arm-none-eabi/4.8.4/../../../../arm-none-eabi/lib/armv7e-m/fpu\libg_n.a(lib_a-closer.o)
                0x08004574                _close_r
 .text._fstat_r
                0x08004594       0x24 c:/program files (x86)/embitz/0.40/share/em_armgcc/bin/../lib/gcc/arm-none-eabi/4.8.4/../../../../arm-none-eabi/lib/armv7e-m/fpu\libg_n.a(lib_a-fstatr.o)
                0x08004594                _fstat_r
 .text._isatty_r
                0x080045b8       0x20 c:/program files (x86)/embitz/0.40/share/em_armgcc/bin/../lib/gcc/arm-none-eabi/4.8.4/../../../../arm-none-eabi/lib/armv7e-m/fpu\libg_n.a(lib_a-isattyr.o)
                0x080045b8                _isatty_r
 .text._lseek_r
                0x080045d8       0x24 c:/program files (x86)/embitz/0.40/share/em_armgcc/bin/../lib/gcc/arm-none-eabi/4.8.4/../../../../arm-none-eabi/lib/armv7e-m/fpu\libg_n.a(lib_a-lseekr.o)
                0x080045d8                _lseek_r
 .text._read_r  0x080045fc       0x24 c:/program files (x86)/embitz/0.40/share/em_armgcc/bin/../lib/gcc/arm-none-eabi/4.8.4/../../../../arm-none-eabi/lib/armv7e-m/fpu\libg_n.a(lib_a-readr.o)
                0x080045fc                _read_r
 .text          0x08004620       0x10 c:/program files (x86)/embitz/0.40/share/em_armgcc/bin/../lib/gcc/arm-none-eabi/4.8.4/../../../../arm-none-eabi/lib/armv7e-m/fpu\libnosys_s.a(close.o)
                0x08004620                _close
 .text          0x08004630       0x10 c:/program files (x86)/embitz/0.40/share/em_armgcc/bin/../lib/gcc/arm-none-eabi/4.8.4/../../../../arm-none-eabi/lib/armv7e-m/fpu\libnosys_s.a(fstat.o)
                0x08004630                _fstat
 .text          0x08004640       0x10 c:/program files (x86)/embitz/0.40/share/em_armgcc/bin/../lib/gcc/arm-none-eabi/4.8.4/../../../../arm-none-eabi/lib/armv7e-m/fpu\libnosys_s.a(isatty.o)
                0x08004640                _isatty
 .text          0x08004650       0x10 c:/program files (x86)/embitz/0.40/share/em_armgcc/bin/../lib/gcc/arm-none-eabi/4.8.4/../../../../arm-none-eabi/lib/armv7e-m/fpu\libnosys_s.a(lseek.o)
                0x08004650                _lseek
 .text          0x08004660       0x10 c:/program files (x86)/embitz/0.40/share/em_armgcc/bin/../lib/gcc/arm-none-eabi/4.8.4/../../../../arm-none-eabi/lib/armv7e-m/fpu\libnosys_s.a(read.o)
                0x08004660                _read
 .text          0x08004670       0x34 c:/program files (x86)/embitz/0.40/share/em_armgcc/bin/../lib/gcc/arm-none-eabi/4.8.4/../../../../arm-none-eabi/lib/armv7e-m/fpu\libnosys_s.a(sbrk.o)
                0x08004670                _sbrk
 *(.init)
 *(.fini)
 *crtbegin.o(.ctors)
 *crtbegin?.o(.ctors)
 *(EXCLUDE_FILE(*crtend.o *crtend?.o) .ctors)
 *(SORT(.ctors.*))
 *(.ctors)
 *crtbegin.o(.dtors)
 *crtbegin?.o(.dtors)
 *(EXCLUDE_FILE(*crtend.o *crtend?.o) .dtors)
 *(SORT(.dtors.*))
 *(.dtors)
 *(.rodata*)
 .rodata.str1.1
                0x080046a4       0x87 obj\debug\main.o
 .rodata.str1.1
                0x0800472b        0x3 ..\library.a(initialize.o)
 .rodata.Font16_Table
                0x0800472e      0xbe0 ..\library.a(stm32f429i_discovery_lcd.o)
                0x0800472e                Font16_Table
 .rodata.Font24_Table
                0x0800530e     0x1ab8 ..\library.a(stm32f429i_discovery_lcd.o)
                0x0800530e                Font24_Table
 .rodata.Font12_Table
                0x08006dc6      0x474 ..\library.a(stm32f429i_discovery_lcd.o)
                0x08006dc6                Font12_Table
 .rodata.APBAHBPrescTable
                0x0800723a       0x10 ..\library.a(stm32f4xx_hal_rcc.o)
                0x0800723a                APBAHBPrescTable
 .rodata.str1.1
                0x0800724a       0x11 c:/program files (x86)/embitz/0.40/share/em_armgcc/bin/../lib/gcc/arm-none-eabi/4.8.4/../../../../arm-none-eabi/lib/armv7e-m/fpu\libg_n.a(lib_a-vfprintf.o)
 .rodata.str1.1
                0x0800725b       0x22 c:/program files (x86)/embitz/0.40/share/em_armgcc/bin/../lib/gcc/arm-none-eabi/4.8.4/../../../../arm-none-eabi/lib/armv7e-m/fpu\libg_n.a(lib_a-vfprintf_i.o)
 *fill*         0x0800727d        0x3 
 .rodata.__sf_fake_stdin
                0x08007280       0x20 c:/program files (x86)/embitz/0.40/share/em_armgcc/bin/../lib/gcc/arm-none-eabi/4.8.4/../../../../arm-none-eabi/lib/armv7e-m/fpu\libg_n.a(lib_a-findfp.o)
                0x08007280                __sf_fake_stdin
 .rodata.__sf_fake_stdout
                0x080072a0       0x20 c:/program files (x86)/embitz/0.40/share/em_armgcc/bin/../lib/gcc/arm-none-eabi/4.8.4/../../../../arm-none-eabi/lib/armv7e-m/fpu\libg_n.a(lib_a-findfp.o)
                0x080072a0                __sf_fake_stdout
 .rodata.__sf_fake_stderr
                0x080072c0       0x20 c:/program files (x86)/embitz/0.40/share/em_armgcc/bin/../lib/gcc/arm-none-eabi/4.8.4/../../../../arm-none-eabi/lib/armv7e-m/fpu\libg_n.a(lib_a-findfp.o)
                0x080072c0                __sf_fake_stderr
 .rodata.str1.1
                0x080072e0        0x2 c:/program files (x86)/embitz/0.40/share/em_armgcc/bin/../lib/gcc/arm-none-eabi/4.8.4/../../../../arm-none-eabi/lib/armv7e-m/fpu\libg_n.a(lib_a-impure.o)
 *fill*         0x080072e2        0x2 
 .rodata._global_impure_ptr
                0x080072e4        0x4 c:/program files (x86)/embitz/0.40/share/em_armgcc/bin/../lib/gcc/arm-none-eabi/4.8.4/../../../../arm-none-eabi/lib/armv7e-m/fpu\libg_n.a(lib_a-impure.o)
                0x080072e4                _global_impure_ptr
 *(.eh_frame*)

.glue_7         0x080072e8        0x0
 .glue_7        0x00000000        0x0 linker stubs

.glue_7t        0x080072e8        0x0
 .glue_7t       0x00000000        0x0 linker stubs

.vfp11_veneer   0x080072e8        0x0
 .vfp11_veneer  0x00000000        0x0 linker stubs

.v4_bx          0x080072e8        0x0
 .v4_bx         0x00000000        0x0 linker stubs

.iplt           0x080072e8        0x0
 .iplt          0x00000000        0x0 obj\debug\main.o

.rel.dyn        0x080072e8        0x0
 .rel.iplt      0x00000000        0x0 obj\debug\main.o

.ARM.extab
 *(.ARM.extab* .gnu.linkonce.armextab.*)
                0x080072e8                __exidx_start = .

.ARM.exidx
 *(.ARM.exidx* .gnu.linkonce.armexidx.*)
                0x080072e8                __exidx_end = .
                0x080072e8                __etext = .

.data           0x20000000      0x214 load address 0x080072e8
                0x20000000                __data_start__ = .
 *(vtable)
 *(.data*)
 .data.testcase.5011
                0x20000000      0x154 obj\debug\main.o
 .data.SpixTimeout
                0x20000154        0x4 ..\library.a(stm32f429i_discovery.o)
                0x20000154                SpixTimeout
 .data.BUTTON_PORT
                0x20000158        0x4 ..\library.a(stm32f429i_discovery.o)
                0x20000158                BUTTON_PORT
 .data.Font24   0x2000015c        0x8 ..\library.a(stm32f429i_discovery_lcd.o)
                0x2000015c                Font24
 .data.Font12   0x20000164        0x8 ..\library.a(stm32f429i_discovery_lcd.o)
                0x20000164                Font12
 .data.Font16   0x2000016c        0x8 ..\library.a(stm32f429i_discovery_lcd.o)
                0x2000016c                Font16
 .data.SystemCoreClock
                0x20000174        0x4 ..\library.a(system_stm32f4xx.o)
                0x20000174                SystemCoreClock
 .data.ili9341_drv
                0x20000178       0x38 ..\library.a(ili9341.o)
                0x20000178                ili9341_drv
 .data.impure_data
                0x200001b0       0x60 c:/program files (x86)/embitz/0.40/share/em_armgcc/bin/../lib/gcc/arm-none-eabi/4.8.4/../../../../arm-none-eabi/lib/armv7e-m/fpu\libg_n.a(lib_a-impure.o)
 .data._impure_ptr
                0x20000210        0x4 c:/program files (x86)/embitz/0.40/share/em_armgcc/bin/../lib/gcc/arm-none-eabi/4.8.4/../../../../arm-none-eabi/lib/armv7e-m/fpu\libg_n.a(lib_a-impure.o)
                0x20000210                _impure_ptr
                0x20000214                . = ALIGN (0x4)
                0x20000214                PROVIDE (__preinit_array_start, .)
 *(.preinit_array)
                0x20000214                PROVIDE (__preinit_array_end, .)
                0x20000214                . = ALIGN (0x4)
                0x20000214                PROVIDE (__init_array_start, .)
 *(SORT(.init_array.*))
 *(.init_array)
                0x20000214                PROVIDE (__init_array_end, .)
                0x20000214                . = ALIGN (0x4)
                0x20000214                PROVIDE (__fini_array_start, .)
 *(SORT(.fini_array.*))
 *(.fini_array)
                0x20000214                PROVIDE (__fini_array_end, .)
                0x20000214                . = ALIGN (0x4)
                0x20000214                __data_end__ = .

.igot.plt       0x20000214        0x0 load address 0x080074fc
 .igot.plt      0x00000000        0x0 obj\debug\main.o

.bss            0x20000214     0x3ec4 load address 0x080074fc
                0x20000214                __bss_start__ = .
 *(.bss*)
 .bss.SpiHandle
                0x20000214       0x58 ..\library.a(stm32f429i_discovery.o)
 .bss.Is_LCD_IO_Initialized
                0x2000026c        0x1 ..\library.a(stm32f429i_discovery.o)
 *fill*         0x2000026d        0x3 
 .bss.ActiveLayer
                0x20000270        0x4 ..\library.a(stm32f429i_discovery_lcd.o)
 .bss.DrawProp  0x20000274       0x18 ..\library.a(stm32f429i_discovery_lcd.o)
 .bss.Dma2dHandler
                0x2000028c       0x40 ..\library.a(stm32f429i_discovery_lcd.o)
 .bss.PeriphClkInitStruct
                0x200002cc       0x30 ..\library.a(stm32f429i_discovery_lcd.o)
 .bss.LtdcHandler
                0x200002fc       0xa8 ..\library.a(stm32f429i_discovery_lcd.o)
 .bss.dmaHandle.10808
                0x200003a4       0x50 ..\library.a(stm32f429i_discovery_sdram.o)
 .bss.Command   0x200003f4       0x10 ..\library.a(stm32f429i_discovery_sdram.o)
 .bss.Timing    0x20000404       0x1c ..\library.a(stm32f429i_discovery_sdram.o)
 .bss.SdramHandle
                0x20000420       0x34 ..\library.a(stm32f429i_discovery_sdram.o)
 .bss.uwTick    0x20000454        0x4 ..\library.a(stm32f4xx_hal.o)
 .bss.__malloc_sbrk_start
                0x20000458        0x4 c:/program files (x86)/embitz/0.40/share/em_armgcc/bin/../lib/gcc/arm-none-eabi/4.8.4/../../../../arm-none-eabi/lib/armv7e-m/fpu\libg_n.a(lib_a-nano-mallocr.o)
                0x20000458                __malloc_sbrk_start
 .bss.__malloc_free_list
                0x2000045c        0x4 c:/program files (x86)/embitz/0.40/share/em_armgcc/bin/../lib/gcc/arm-none-eabi/4.8.4/../../../../arm-none-eabi/lib/armv7e-m/fpu\libg_n.a(lib_a-nano-mallocr.o)
                0x2000045c                __malloc_free_list
 .bss           0x20000460        0x4 c:/program files (x86)/embitz/0.40/share/em_armgcc/bin/../lib/gcc/arm-none-eabi/4.8.4/../../../../arm-none-eabi/lib/armv7e-m/fpu\libnosys_s.a(sbrk.o)
 *(COMMON)
 COMMON         0x20000464     0x3c6a ..\library.a(lcd_log.o)
                0x20000464                LCD_CacheBuffer_yptr_bottom_bak
                0x20000466                LCD_CacheBuffer_yptr_top_bak
                0x20000468                LCD_CacheBuffer_yptr_bottom
                0x2000046a                LCD_CacheBuffer_xptr
                0x2000046c                LCD_CacheBuffer_yptr_invert
                0x2000046d                LCD_Lock
                0x2000046e                LCD_Scrolled
                0x20000470                LCD_CacheBuffer_yptr_top
                0x20000472                LCD_ScrollActive
                0x20000474                LCD_CacheBuffer
                0x200040c8                LCD_LineColor
                0x200040cc                LCD_ScrollBackStep
 *fill*         0x200040ce        0x2 
 COMMON         0x200040d0        0x4 ..\library.a(stm32f429i_discovery_lcd.o)
                0x200040d0                LcdDrv
 COMMON         0x200040d4        0x4 c:/program files (x86)/embitz/0.40/share/em_armgcc/bin/../lib/gcc/arm-none-eabi/4.8.4/../../../../arm-none-eabi/lib/armv7e-m/fpu\libg_n.a(lib_a-reent.o)
                0x200040d4                errno
                0x200040d8                __bss_end__ = .

.heap           0x200040d8      0xc00
                0x200040d8                __end__ = .
                0x200040d8                end = __end__
 *(.heap*)
 .heap          0x200040d8      0xc00 ..\library.a(startup_stm32f429xx.o)
                0x200040d8                __HeapBase
                0x20004cd8                __HeapLimit = .

.stack_dummy    0x200040d8      0x400
 *(.stack)
 .stack         0x200040d8      0x400 ..\library.a(startup_stm32f429xx.o)
                0x20030000                __StackTop = (ORIGIN (RAM) + 0x30000)
                0x2002fc00                __StackLimit = (__StackTop - SIZEOF (.stack_dummy))
                0x20030000                PROVIDE (__stack, __StackTop)
                0x00000001                ASSERT ((__StackLimit >= __HeapLimit), region RAM overflowed with stack)
LOAD obj\debug\main.o
LOAD obj\debug\binary_addition.o
LOAD ..\library.a
START GROUP
LOAD c:/program files (x86)/embitz/0.40/share/em_armgcc/bin/../lib/gcc/arm-none-eabi/4.8.4/armv7e-m/fpu\libgcc.a
LOAD c:/program files (x86)/embitz/0.40/share/em_armgcc/bin/../lib/gcc/arm-none-eabi/4.8.4/../../../../arm-none-eabi/lib/armv7e-m/fpu\libg_n.a
LOAD c:/program files (x86)/embitz/0.40/share/em_armgcc/bin/../lib/gcc/arm-none-eabi/4.8.4/../../../../arm-none-eabi/lib/armv7e-m/fpu\libc_n.a
END GROUP
START GROUP
LOAD c:/program files (x86)/embitz/0.40/share/em_armgcc/bin/../lib/gcc/arm-none-eabi/4.8.4/armv7e-m/fpu\libgcc.a
LOAD c:/program files (x86)/embitz/0.40/share/em_armgcc/bin/../lib/gcc/arm-none-eabi/4.8.4/../../../../arm-none-eabi/lib/armv7e-m/fpu\libc_n.a
LOAD c:/program files (x86)/embitz/0.40/share/em_armgcc/bin/../lib/gcc/arm-none-eabi/4.8.4/../../../../arm-none-eabi/lib/armv7e-m/fpu\libnosys_s.a
END GROUP
OUTPUT(Binary_Addition.elf elf32-littlearm)

.debug_info     0x00000000      0x4a7
 .debug_info    0x00000000      0x40e obj\debug\main.o
 .debug_info    0x0000040e       0x99 obj\debug\binary_addition.o

.debug_abbrev   0x00000000      0x1e0
 .debug_abbrev  0x00000000      0x16e obj\debug\main.o
 .debug_abbrev  0x0000016e       0x72 obj\debug\binary_addition.o

.debug_loc      0x00000000      0x13a
 .debug_loc     0x00000000       0xab obj\debug\main.o
 .debug_loc     0x000000ab       0x8f obj\debug\binary_addition.o

.debug_aranges  0x00000000       0x40
 .debug_aranges
                0x00000000       0x20 obj\debug\main.o
 .debug_aranges
                0x00000020       0x20 obj\debug\binary_addition.o

.debug_ranges   0x00000000       0x20
 .debug_ranges  0x00000000       0x10 obj\debug\main.o
 .debug_ranges  0x00000010       0x10 obj\debug\binary_addition.o

.debug_macro    0x00000000     0x138e
 .debug_macro   0x00000000      0x10d obj\debug\main.o
 .debug_macro   0x0000010d      0x87a obj\debug\main.o
 .debug_macro   0x00000987       0x58 obj\debug\main.o
 .debug_macro   0x000009df       0x16 obj\debug\main.o
 .debug_macro   0x000009f5       0x35 obj\debug\main.o
 .debug_macro   0x00000a2a       0xa2 obj\debug\main.o
 .debug_macro   0x00000acc       0x16 obj\debug\main.o
 .debug_macro   0x00000ae2       0x97 obj\debug\main.o
 .debug_macro   0x00000b79       0x10 obj\debug\main.o
 .debug_macro   0x00000b89       0xef obj\debug\main.o
 .debug_macro   0x00000c78       0x4a obj\debug\main.o
 .debug_macro   0x00000cc2       0x52 obj\debug\main.o
 .debug_macro   0x00000d14       0x16 obj\debug\main.o
 .debug_macro   0x00000d2a       0x43 obj\debug\main.o
 .debug_macro   0x00000d6d      0x180 obj\debug\main.o
 .debug_macro   0x00000eed       0x10 obj\debug\main.o
 .debug_macro   0x00000efd       0x22 obj\debug\main.o
 .debug_macro   0x00000f1f       0xbd obj\debug\main.o
 .debug_macro   0x00000fdc       0x16 obj\debug\main.o
 .debug_macro   0x00000ff2      0x16c obj\debug\main.o
 .debug_macro   0x0000115e      0x20f obj\debug\main.o
 .debug_macro   0x0000136d       0x10 obj\debug\main.o
 .debug_macro   0x0000137d       0x11 obj\debug\binary_addition.o

.debug_line     0x00000000      0x301
 .debug_line    0x00000000      0x2b1 obj\debug\main.o
 .debug_line    0x000002b1       0x50 obj\debug\binary_addition.o

.debug_str      0x00000000     0x4f94
 .debug_str     0x00000000     0x4f7c obj\debug\main.o
                               0x5153 (size before relaxing)
 .debug_str     0x00004f7c       0x18 obj\debug\binary_addition.o
                               0x244c (size before relaxing)

.comment        0x00000000       0x46
 .comment       0x00000000       0x46 obj\debug\main.o
                                 0x47 (size before relaxing)
 .comment       0x00000000       0x47 obj\debug\binary_addition.o
 .comment       0x00000000       0x47 ..\library.a(initialize.o)
 .comment       0x00000000       0x47 ..\library.a(stm32f4xx_it.o)
 .comment       0x00000000       0x47 ..\library.a(lcd_log.o)
 .comment       0x00000000       0x47 ..\library.a(stm32f429i_discovery.o)
 .comment       0x00000000       0x47 ..\library.a(stm32f429i_discovery_lcd.o)
 .comment       0x00000000       0x47 ..\library.a(stm32f429i_discovery_sdram.o)
 .comment       0x00000000       0x47 ..\library.a(system_stm32f4xx.o)
 .comment       0x00000000       0x47 ..\library.a(stm32f4xx_hal.o)
 .comment       0x00000000       0x47 ..\library.a(stm32f4xx_hal_cortex.o)
 .comment       0x00000000       0x47 ..\library.a(stm32f4xx_hal_dma.o)
 .comment       0x00000000       0x47 ..\library.a(stm32f4xx_hal_dma2d.o)
 .comment       0x00000000       0x47 ..\library.a(stm32f4xx_hal_gpio.o)
 .comment       0x00000000       0x47 ..\library.a(stm32f4xx_hal_ltdc.o)
 .comment       0x00000000       0x47 ..\library.a(stm32f4xx_hal_pwr_ex.o)
 .comment       0x00000000       0x47 ..\library.a(stm32f4xx_hal_rcc.o)
 .comment       0x00000000       0x47 ..\library.a(stm32f4xx_hal_rcc_ex.o)
 .comment       0x00000000       0x47 ..\library.a(stm32f4xx_hal_sdram.o)
 .comment       0x00000000       0x47 ..\library.a(stm32f4xx_hal_spi.o)
 .comment       0x00000000       0x47 ..\library.a(stm32f4xx_ll_fmc.o)
 .comment       0x00000000       0x47 ..\library.a(ili9341.o)

.ARM.attributes
                0x00000000       0x37
 .ARM.attributes
                0x00000000       0x39 obj\debug\main.o
 .ARM.attributes
                0x00000039       0x39 obj\debug\binary_addition.o
 .ARM.attributes
                0x00000072       0x39 ..\library.a(initialize.o)
 .ARM.attributes
                0x000000ab       0x1f ..\library.a(startup_stm32f429xx.o)
 .ARM.attributes
                0x000000ca       0x39 ..\library.a(stm32f4xx_it.o)
 .ARM.attributes
                0x00000103       0x39 ..\library.a(lcd_log.o)
 .ARM.attributes
                0x0000013c       0x39 ..\library.a(stm32f429i_discovery.o)
 .ARM.attributes
                0x00000175       0x39 ..\library.a(stm32f429i_discovery_lcd.o)
 .ARM.attributes
                0x000001ae       0x39 ..\library.a(stm32f429i_discovery_sdram.o)
 .ARM.attributes
                0x000001e7       0x39 ..\library.a(system_stm32f4xx.o)
 .ARM.attributes
                0x00000220       0x39 ..\library.a(stm32f4xx_hal.o)
 .ARM.attributes
                0x00000259       0x39 ..\library.a(stm32f4xx_hal_cortex.o)
 .ARM.attributes
                0x00000292       0x39 ..\library.a(stm32f4xx_hal_dma.o)
 .ARM.attributes
                0x000002cb       0x39 ..\library.a(stm32f4xx_hal_dma2d.o)
 .ARM.attributes
                0x00000304       0x39 ..\library.a(stm32f4xx_hal_gpio.o)
 .ARM.attributes
                0x0000033d       0x39 ..\library.a(stm32f4xx_hal_ltdc.o)
 .ARM.attributes
                0x00000376       0x39 ..\library.a(stm32f4xx_hal_pwr_ex.o)
 .ARM.attributes
                0x000003af       0x39 ..\library.a(stm32f4xx_hal_rcc.o)
 .ARM.attributes
                0x000003e8       0x39 ..\library.a(stm32f4xx_hal_rcc_ex.o)
 .ARM.attributes
                0x00000421       0x39 ..\library.a(stm32f4xx_hal_sdram.o)
 .ARM.attributes
                0x0000045a       0x39 ..\library.a(stm32f4xx_hal_spi.o)
 .ARM.attributes
                0x00000493       0x39 ..\library.a(stm32f4xx_ll_fmc.o)
 .ARM.attributes
                0x000004cc       0x39 ..\library.a(ili9341.o)
 .ARM.attributes
                0x00000505       0x34 c:/program files (x86)/embitz/0.40/share/em_armgcc/bin/../lib/gcc/arm-none-eabi/4.8.4/../../../../arm-none-eabi/lib/armv7e-m/fpu\libg_n.a(lib_a-printf.o)
 .ARM.attributes
                0x00000539       0x34 c:/program files (x86)/embitz/0.40/share/em_armgcc/bin/../lib/gcc/arm-none-eabi/4.8.4/../../../../arm-none-eabi/lib/armv7e-m/fpu\libg_n.a(lib_a-putchar.o)
 .ARM.attributes
                0x0000056d       0x34 c:/program files (x86)/embitz/0.40/share/em_armgcc/bin/../lib/gcc/arm-none-eabi/4.8.4/../../../../arm-none-eabi/lib/armv7e-m/fpu\libg_n.a(lib_a-puts.o)
 .ARM.attributes
                0x000005a1       0x34 c:/program files (x86)/embitz/0.40/share/em_armgcc/bin/../lib/gcc/arm-none-eabi/4.8.4/../../../../arm-none-eabi/lib/armv7e-m/fpu\libg_n.a(lib_a-strchr.o)
 .ARM.attributes
                0x000005d5       0x34 c:/program files (x86)/embitz/0.40/share/em_armgcc/bin/../lib/gcc/arm-none-eabi/4.8.4/../../../../arm-none-eabi/lib/armv7e-m/fpu\libg_n.a(lib_a-strcpy.o)
 .ARM.attributes
                0x00000609       0x34 c:/program files (x86)/embitz/0.40/share/em_armgcc/bin/../lib/gcc/arm-none-eabi/4.8.4/../../../../arm-none-eabi/lib/armv7e-m/fpu\libg_n.a(lib_a-vfprintf.o)
 .ARM.attributes
                0x0000063d       0x34 c:/program files (x86)/embitz/0.40/share/em_armgcc/bin/../lib/gcc/arm-none-eabi/4.8.4/../../../../arm-none-eabi/lib/armv7e-m/fpu\libg_n.a(lib_a-vfprintf_i.o)
 .ARM.attributes
                0x00000671       0x34 c:/program files (x86)/embitz/0.40/share/em_armgcc/bin/../lib/gcc/arm-none-eabi/4.8.4/../../../../arm-none-eabi/lib/armv7e-m/fpu\libg_n.a(lib_a-wbuf.o)
 .ARM.attributes
                0x000006a5       0x34 c:/program files (x86)/embitz/0.40/share/em_armgcc/bin/../lib/gcc/arm-none-eabi/4.8.4/../../../../arm-none-eabi/lib/armv7e-m/fpu\libg_n.a(lib_a-wsetup.o)
 .ARM.attributes
                0x000006d9       0x34 c:/program files (x86)/embitz/0.40/share/em_armgcc/bin/../lib/gcc/arm-none-eabi/4.8.4/../../../../arm-none-eabi/lib/armv7e-m/fpu\libg_n.a(lib_a-fflush.o)
 .ARM.attributes
                0x0000070d       0x34 c:/program files (x86)/embitz/0.40/share/em_armgcc/bin/../lib/gcc/arm-none-eabi/4.8.4/../../../../arm-none-eabi/lib/armv7e-m/fpu\libg_n.a(lib_a-findfp.o)
 .ARM.attributes
                0x00000741       0x34 c:/program files (x86)/embitz/0.40/share/em_armgcc/bin/../lib/gcc/arm-none-eabi/4.8.4/../../../../arm-none-eabi/lib/armv7e-m/fpu\libg_n.a(lib_a-impure.o)
 .ARM.attributes
                0x00000775       0x34 c:/program files (x86)/embitz/0.40/share/em_armgcc/bin/../lib/gcc/arm-none-eabi/4.8.4/../../../../arm-none-eabi/lib/armv7e-m/fpu\libg_n.a(lib_a-makebuf.o)
 .ARM.attributes
                0x000007a9       0x34 c:/program files (x86)/embitz/0.40/share/em_armgcc/bin/../lib/gcc/arm-none-eabi/4.8.4/../../../../arm-none-eabi/lib/armv7e-m/fpu\libg_n.a(lib_a-memchr-stub.o)
 .ARM.attributes
                0x000007dd       0x34 c:/program files (x86)/embitz/0.40/share/em_armgcc/bin/../lib/gcc/arm-none-eabi/4.8.4/../../../../arm-none-eabi/lib/armv7e-m/fpu\libg_n.a(lib_a-memset.o)
 .ARM.attributes
                0x00000811       0x34 c:/program files (x86)/embitz/0.40/share/em_armgcc/bin/../lib/gcc/arm-none-eabi/4.8.4/../../../../arm-none-eabi/lib/armv7e-m/fpu\libg_n.a(lib_a-nano-freer.o)
 .ARM.attributes
                0x00000845       0x34 c:/program files (x86)/embitz/0.40/share/em_armgcc/bin/../lib/gcc/arm-none-eabi/4.8.4/../../../../arm-none-eabi/lib/armv7e-m/fpu\libg_n.a(lib_a-nano-mallocr.o)
 .ARM.attributes
                0x00000879       0x34 c:/program files (x86)/embitz/0.40/share/em_armgcc/bin/../lib/gcc/arm-none-eabi/4.8.4/../../../../arm-none-eabi/lib/armv7e-m/fpu\libg_n.a(lib_a-putc.o)
 .ARM.attributes
                0x000008ad       0x34 c:/program files (x86)/embitz/0.40/share/em_armgcc/bin/../lib/gcc/arm-none-eabi/4.8.4/../../../../arm-none-eabi/lib/armv7e-m/fpu\libg_n.a(lib_a-sbrkr.o)
 .ARM.attributes
                0x000008e1       0x34 c:/program files (x86)/embitz/0.40/share/em_armgcc/bin/../lib/gcc/arm-none-eabi/4.8.4/../../../../arm-none-eabi/lib/armv7e-m/fpu\libg_n.a(lib_a-stdio.o)
 .ARM.attributes
                0x00000915       0x34 c:/program files (x86)/embitz/0.40/share/em_armgcc/bin/../lib/gcc/arm-none-eabi/4.8.4/../../../../arm-none-eabi/lib/armv7e-m/fpu\libg_n.a(lib_a-strlen.o)
 .ARM.attributes
                0x00000949       0x34 c:/program files (x86)/embitz/0.40/share/em_armgcc/bin/../lib/gcc/arm-none-eabi/4.8.4/../../../../arm-none-eabi/lib/armv7e-m/fpu\libg_n.a(lib_a-writer.o)
 .ARM.attributes
                0x0000097d       0x34 c:/program files (x86)/embitz/0.40/share/em_armgcc/bin/../lib/gcc/arm-none-eabi/4.8.4/../../../../arm-none-eabi/lib/armv7e-m/fpu\libg_n.a(lib_a-closer.o)
 .ARM.attributes
                0x000009b1       0x34 c:/program files (x86)/embitz/0.40/share/em_armgcc/bin/../lib/gcc/arm-none-eabi/4.8.4/../../../../arm-none-eabi/lib/armv7e-m/fpu\libg_n.a(lib_a-fstatr.o)
 .ARM.attributes
                0x000009e5       0x34 c:/program files (x86)/embitz/0.40/share/em_armgcc/bin/../lib/gcc/arm-none-eabi/4.8.4/../../../../arm-none-eabi/lib/armv7e-m/fpu\libg_n.a(lib_a-isattyr.o)
 .ARM.attributes
                0x00000a19       0x34 c:/program files (x86)/embitz/0.40/share/em_armgcc/bin/../lib/gcc/arm-none-eabi/4.8.4/../../../../arm-none-eabi/lib/armv7e-m/fpu\libg_n.a(lib_a-lseekr.o)
 .ARM.attributes
                0x00000a4d       0x34 c:/program files (x86)/embitz/0.40/share/em_armgcc/bin/../lib/gcc/arm-none-eabi/4.8.4/../../../../arm-none-eabi/lib/armv7e-m/fpu\libg_n.a(lib_a-readr.o)
 .ARM.attributes
                0x00000a81       0x34 c:/program files (x86)/embitz/0.40/share/em_armgcc/bin/../lib/gcc/arm-none-eabi/4.8.4/../../../../arm-none-eabi/lib/armv7e-m/fpu\libg_n.a(lib_a-reent.o)
 .ARM.attributes
                0x00000ab5       0x34 c:/program files (x86)/embitz/0.40/share/em_armgcc/bin/../lib/gcc/arm-none-eabi/4.8.4/../../../../arm-none-eabi/lib/armv7e-m/fpu\libnosys_s.a(close.o)
 .ARM.attributes
                0x00000ae9       0x34 c:/program files (x86)/embitz/0.40/share/em_armgcc/bin/../lib/gcc/arm-none-eabi/4.8.4/../../../../arm-none-eabi/lib/armv7e-m/fpu\libnosys_s.a(fstat.o)
 .ARM.attributes
                0x00000b1d       0x34 c:/program files (x86)/embitz/0.40/share/em_armgcc/bin/../lib/gcc/arm-none-eabi/4.8.4/../../../../arm-none-eabi/lib/armv7e-m/fpu\libnosys_s.a(isatty.o)
 .ARM.attributes
                0x00000b51       0x34 c:/program files (x86)/embitz/0.40/share/em_armgcc/bin/../lib/gcc/arm-none-eabi/4.8.4/../../../../arm-none-eabi/lib/armv7e-m/fpu\libnosys_s.a(lseek.o)
 .ARM.attributes
                0x00000b85       0x34 c:/program files (x86)/embitz/0.40/share/em_armgcc/bin/../lib/gcc/arm-none-eabi/4.8.4/../../../../arm-none-eabi/lib/armv7e-m/fpu\libnosys_s.a(read.o)
 .ARM.attributes
                0x00000bb9       0x34 c:/program files (x86)/embitz/0.40/share/em_armgcc/bin/../lib/gcc/arm-none-eabi/4.8.4/../../../../arm-none-eabi/lib/armv7e-m/fpu\libnosys_s.a(sbrk.o)

.debug_frame    0x00000000      0x860
 .debug_frame   0x00000000       0x30 obj\debug\main.o
 .debug_frame   0x00000030       0x2c obj\debug\binary_addition.o
 .debug_frame   0x0000005c       0x60 c:/program files (x86)/embitz/0.40/share/em_armgcc/bin/../lib/gcc/arm-none-eabi/4.8.4/../../../../arm-none-eabi/lib/armv7e-m/fpu\libg_n.a(lib_a-printf.o)
 .debug_frame   0x000000bc       0x48 c:/program files (x86)/embitz/0.40/share/em_armgcc/bin/../lib/gcc/arm-none-eabi/4.8.4/../../../../arm-none-eabi/lib/armv7e-m/fpu\libg_n.a(lib_a-putchar.o)
 .debug_frame   0x00000104       0x3c c:/program files (x86)/embitz/0.40/share/em_armgcc/bin/../lib/gcc/arm-none-eabi/4.8.4/../../../../arm-none-eabi/lib/armv7e-m/fpu\libg_n.a(lib_a-puts.o)
 .debug_frame   0x00000140       0x20 c:/program files (x86)/embitz/0.40/share/em_armgcc/bin/../lib/gcc/arm-none-eabi/4.8.4/../../../../arm-none-eabi/lib/armv7e-m/fpu\libg_n.a(lib_a-strchr.o)
 .debug_frame   0x00000160       0x20 c:/program files (x86)/embitz/0.40/share/em_armgcc/bin/../lib/gcc/arm-none-eabi/4.8.4/../../../../arm-none-eabi/lib/armv7e-m/fpu\libg_n.a(lib_a-strcpy.o)
 .debug_frame   0x00000180       0xa8 c:/program files (x86)/embitz/0.40/share/em_armgcc/bin/../lib/gcc/arm-none-eabi/4.8.4/../../../../arm-none-eabi/lib/armv7e-m/fpu\libg_n.a(lib_a-vfprintf.o)
 .debug_frame   0x00000228       0x60 c:/program files (x86)/embitz/0.40/share/em_armgcc/bin/../lib/gcc/arm-none-eabi/4.8.4/../../../../arm-none-eabi/lib/armv7e-m/fpu\libg_n.a(lib_a-vfprintf_i.o)
 .debug_frame   0x00000288       0x3c c:/program files (x86)/embitz/0.40/share/em_armgcc/bin/../lib/gcc/arm-none-eabi/4.8.4/../../../../arm-none-eabi/lib/armv7e-m/fpu\libg_n.a(lib_a-wbuf.o)
 .debug_frame   0x000002c4       0x2c c:/program files (x86)/embitz/0.40/share/em_armgcc/bin/../lib/gcc/arm-none-eabi/4.8.4/../../../../arm-none-eabi/lib/armv7e-m/fpu\libg_n.a(lib_a-wsetup.o)
 .debug_frame   0x000002f0       0x5c c:/program files (x86)/embitz/0.40/share/em_armgcc/bin/../lib/gcc/arm-none-eabi/4.8.4/../../../../arm-none-eabi/lib/armv7e-m/fpu\libg_n.a(lib_a-fflush.o)
 .debug_frame   0x0000034c      0x12c c:/program files (x86)/embitz/0.40/share/em_armgcc/bin/../lib/gcc/arm-none-eabi/4.8.4/../../../../arm-none-eabi/lib/armv7e-m/fpu\libg_n.a(lib_a-findfp.o)
 .debug_frame   0x00000478       0x30 c:/program files (x86)/embitz/0.40/share/em_armgcc/bin/../lib/gcc/arm-none-eabi/4.8.4/../../../../arm-none-eabi/lib/armv7e-m/fpu\libg_n.a(lib_a-makebuf.o)
 .debug_frame   0x000004a8       0x28 c:/program files (x86)/embitz/0.40/share/em_armgcc/bin/../lib/gcc/arm-none-eabi/4.8.4/../../../../arm-none-eabi/lib/armv7e-m/fpu\libg_n.a(lib_a-memchr-stub.o)
 .debug_frame   0x000004d0       0x20 c:/program files (x86)/embitz/0.40/share/em_armgcc/bin/../lib/gcc/arm-none-eabi/4.8.4/../../../../arm-none-eabi/lib/armv7e-m/fpu\libg_n.a(lib_a-memset.o)
 .debug_frame   0x000004f0       0x2c c:/program files (x86)/embitz/0.40/share/em_armgcc/bin/../lib/gcc/arm-none-eabi/4.8.4/../../../../arm-none-eabi/lib/armv7e-m/fpu\libg_n.a(lib_a-nano-freer.o)
 .debug_frame   0x0000051c       0x2c c:/program files (x86)/embitz/0.40/share/em_armgcc/bin/../lib/gcc/arm-none-eabi/4.8.4/../../../../arm-none-eabi/lib/armv7e-m/fpu\libg_n.a(lib_a-nano-mallocr.o)
 .debug_frame   0x00000548       0x3c c:/program files (x86)/embitz/0.40/share/em_armgcc/bin/../lib/gcc/arm-none-eabi/4.8.4/../../../../arm-none-eabi/lib/armv7e-m/fpu\libg_n.a(lib_a-putc.o)
 .debug_frame   0x00000584       0x2c c:/program files (x86)/embitz/0.40/share/em_armgcc/bin/../lib/gcc/arm-none-eabi/4.8.4/../../../../arm-none-eabi/lib/armv7e-m/fpu\libg_n.a(lib_a-sbrkr.o)
 .debug_frame   0x000005b0       0x80 c:/program files (x86)/embitz/0.40/share/em_armgcc/bin/../lib/gcc/arm-none-eabi/4.8.4/../../../../arm-none-eabi/lib/armv7e-m/fpu\libg_n.a(lib_a-stdio.o)
 .debug_frame   0x00000630       0x20 c:/program files (x86)/embitz/0.40/share/em_armgcc/bin/../lib/gcc/arm-none-eabi/4.8.4/../../../../arm-none-eabi/lib/armv7e-m/fpu\libg_n.a(lib_a-strlen.o)
 .debug_frame   0x00000650       0x2c c:/program files (x86)/embitz/0.40/share/em_armgcc/bin/../lib/gcc/arm-none-eabi/4.8.4/../../../../arm-none-eabi/lib/armv7e-m/fpu\libg_n.a(lib_a-writer.o)
 .debug_frame   0x0000067c       0x2c c:/program files (x86)/embitz/0.40/share/em_armgcc/bin/../lib/gcc/arm-none-eabi/4.8.4/../../../../arm-none-eabi/lib/armv7e-m/fpu\libg_n.a(lib_a-closer.o)
 .debug_frame   0x000006a8       0x2c c:/program files (x86)/embitz/0.40/share/em_armgcc/bin/../lib/gcc/arm-none-eabi/4.8.4/../../../../arm-none-eabi/lib/armv7e-m/fpu\libg_n.a(lib_a-fstatr.o)
 .debug_frame   0x000006d4       0x2c c:/program files (x86)/embitz/0.40/share/em_armgcc/bin/../lib/gcc/arm-none-eabi/4.8.4/../../../../arm-none-eabi/lib/armv7e-m/fpu\libg_n.a(lib_a-isattyr.o)
 .debug_frame   0x00000700       0x2c c:/program files (x86)/embitz/0.40/share/em_armgcc/bin/../lib/gcc/arm-none-eabi/4.8.4/../../../../arm-none-eabi/lib/armv7e-m/fpu\libg_n.a(lib_a-lseekr.o)
 .debug_frame   0x0000072c       0x2c c:/program files (x86)/embitz/0.40/share/em_armgcc/bin/../lib/gcc/arm-none-eabi/4.8.4/../../../../arm-none-eabi/lib/armv7e-m/fpu\libg_n.a(lib_a-readr.o)
 .debug_frame   0x00000758       0x48 c:/program files (x86)/embitz/0.40/share/em_armgcc/bin/../lib/gcc/arm-none-eabi/4.8.4/../../../../arm-none-eabi/lib/armv7e-m/fpu\libg_n.a(lib_a-reent.o)
 .debug_frame   0x000007a0       0x20 c:/program files (x86)/embitz/0.40/share/em_armgcc/bin/../lib/gcc/arm-none-eabi/4.8.4/../../../../arm-none-eabi/lib/armv7e-m/fpu\libnosys_s.a(close.o)
 .debug_frame   0x000007c0       0x20 c:/program files (x86)/embitz/0.40/share/em_armgcc/bin/../lib/gcc/arm-none-eabi/4.8.4/../../../../arm-none-eabi/lib/armv7e-m/fpu\libnosys_s.a(fstat.o)
 .debug_frame   0x000007e0       0x20 c:/program files (x86)/embitz/0.40/share/em_armgcc/bin/../lib/gcc/arm-none-eabi/4.8.4/../../../../arm-none-eabi/lib/armv7e-m/fpu\libnosys_s.a(isatty.o)
 .debug_frame   0x00000800       0x20 c:/program files (x86)/embitz/0.40/share/em_armgcc/bin/../lib/gcc/arm-none-eabi/4.8.4/../../../../arm-none-eabi/lib/armv7e-m/fpu\libnosys_s.a(lseek.o)
 .debug_frame   0x00000820       0x20 c:/program files (x86)/embitz/0.40/share/em_armgcc/bin/../lib/gcc/arm-none-eabi/4.8.4/../../../../arm-none-eabi/lib/armv7e-m/fpu\libnosys_s.a(read.o)
 .debug_frame   0x00000840       0x20 c:/program files (x86)/embitz/0.40/share/em_armgcc/bin/../lib/gcc/arm-none-eabi/4.8.4/../../../../arm-none-eabi/lib/armv7e-m/fpu\libnosys_s.a(sbrk.o)

.stab           0x00000000       0x84
 .stab          0x00000000       0x24 c:/program files (x86)/embitz/0.40/share/em_armgcc/bin/../lib/gcc/arm-none-eabi/4.8.4/../../../../arm-none-eabi/lib/armv7e-m/fpu\libnosys_s.a(close.o)
 .stab          0x00000024       0x18 c:/program files (x86)/embitz/0.40/share/em_armgcc/bin/../lib/gcc/arm-none-eabi/4.8.4/../../../../arm-none-eabi/lib/armv7e-m/fpu\libnosys_s.a(fstat.o)
                                 0x24 (size before relaxing)
 .stab          0x0000003c       0x18 c:/program files (x86)/embitz/0.40/share/em_armgcc/bin/../lib/gcc/arm-none-eabi/4.8.4/../../../../arm-none-eabi/lib/armv7e-m/fpu\libnosys_s.a(isatty.o)
                                 0x24 (size before relaxing)
 .stab          0x00000054       0x18 c:/program files (x86)/embitz/0.40/share/em_armgcc/bin/../lib/gcc/arm-none-eabi/4.8.4/../../../../arm-none-eabi/lib/armv7e-m/fpu\libnosys_s.a(lseek.o)
                                 0x24 (size before relaxing)
 .stab          0x0000006c       0x18 c:/program files (x86)/embitz/0.40/share/em_armgcc/bin/../lib/gcc/arm-none-eabi/4.8.4/../../../../arm-none-eabi/lib/armv7e-m/fpu\libnosys_s.a(read.o)
                                 0x24 (size before relaxing)

.stabstr        0x00000000      0x117
 .stabstr       0x00000000      0x117 c:/program files (x86)/embitz/0.40/share/em_armgcc/bin/../lib/gcc/arm-none-eabi/4.8.4/../../../../arm-none-eabi/lib/armv7e-m/fpu\libnosys_s.a(close.o)
